[setup] device: cuda
[setup] gpu: NVIDIA GeForce RTX 2060
[setup] loading arrays ...
[setup] X_train: (18400, 50, 52), X_val: (4600, 50, 52)
[setup] model parameters: 133,428
[setup] config: {"seed": 42, "batch_size": 128, "lr": 0.001, "weight_decay": 1e-05, "max_epochs": 60, "patience": 8, "hidden_dim": 64, "n_layers": 2, "dropout": 0.0, "amp": true}
[epoch 01/60] train_mse=0.809132  val_mse=0.727818  time=2.2s *
[epoch 02/60] train_mse=0.632802  val_mse=0.531543  time=1.8s *
[epoch 03/60] train_mse=0.440803  val_mse=0.362256  time=1.8s *
[epoch 04/60] train_mse=0.314352  val_mse=0.270406  time=1.8s *
[epoch 05/60] train_mse=0.233086  val_mse=0.201801  time=1.8s *
[epoch 06/60] train_mse=0.181742  val_mse=0.167505  time=2.0s *
[epoch 07/60] train_mse=0.150712  val_mse=0.133043  time=2.2s *
[epoch 08/60] train_mse=0.123536  val_mse=0.114236  time=2.1s *
[epoch 09/60] train_mse=0.106688  val_mse=0.099033  time=1.8s *
[epoch 10/60] train_mse=0.088472  val_mse=0.079938  time=1.9s *
[epoch 11/60] train_mse=0.075737  val_mse=0.072780  time=1.8s *
[epoch 12/60] train_mse=0.069982  val_mse=0.069082  time=2.1s *
[epoch 13/60] train_mse=0.064255  val_mse=0.060745  time=1.8s *
[epoch 14/60] train_mse=0.055557  val_mse=0.051262  time=1.8s *
[epoch 15/60] train_mse=0.047574  val_mse=0.045818  time=1.8s *
[epoch 16/60] train_mse=0.040657  val_mse=0.037221  time=1.9s *
[epoch 17/60] train_mse=0.033004  val_mse=0.031888  time=1.8s *
[epoch 18/60] train_mse=0.027622  val_mse=0.025646  time=1.8s *
[epoch 19/60] train_mse=0.024568  val_mse=0.023534  time=1.8s *
[epoch 20/60] train_mse=0.022399  val_mse=0.023388  time=1.8s *
[epoch 21/60] train_mse=0.019395  val_mse=0.018653  time=1.9s *
[epoch 22/60] train_mse=0.016975  val_mse=0.015974  time=2.0s *
[epoch 23/60] train_mse=0.014819  val_mse=0.013773  time=2.0s *
[epoch 24/60] train_mse=0.013256  val_mse=0.012432  time=1.8s *
[epoch 25/60] train_mse=0.012017  val_mse=0.011588  time=1.9s *
[epoch 26/60] train_mse=0.010940  val_mse=0.010504  time=1.8s *
[epoch 27/60] train_mse=0.010385  val_mse=0.009515  time=1.8s *
[epoch 28/60] train_mse=0.009696  val_mse=0.008894  time=1.8s *
[epoch 29/60] train_mse=0.009055  val_mse=0.008623  time=1.9s *
[epoch 30/60] train_mse=0.008538  val_mse=0.007954  time=1.8s *
[epoch 31/60] train_mse=0.008061  val_mse=0.008731  time=1.8s
[epoch 32/60] train_mse=0.007677  val_mse=0.006966  time=1.8s *
[epoch 33/60] train_mse=0.007121  val_mse=0.007125  time=1.8s
[epoch 34/60] train_mse=0.006631  val_mse=0.006151  time=1.8s *
[epoch 35/60] train_mse=0.006841  val_mse=0.005757  time=1.8s *
[epoch 36/60] train_mse=0.005939  val_mse=0.005539  time=1.8s *
[epoch 37/60] train_mse=0.005772  val_mse=0.005606  time=1.8s
[epoch 38/60] train_mse=0.005723  val_mse=0.006813  time=2.0s
[epoch 39/60] train_mse=0.005142  val_mse=0.005721  time=2.0s
[epoch 40/60] train_mse=0.005027  val_mse=0.004537  time=1.9s *
[epoch 41/60] train_mse=0.004698  val_mse=0.004696  time=1.8s
[epoch 42/60] train_mse=0.004594  val_mse=0.004252  time=1.9s *
[epoch 43/60] train_mse=0.004512  val_mse=0.004310  time=1.9s
[epoch 44/60] train_mse=0.004282  val_mse=0.003825  time=1.8s *
[epoch 45/60] train_mse=0.004419  val_mse=0.004483  time=1.9s
[epoch 46/60] train_mse=0.003812  val_mse=0.003853  time=1.9s
[epoch 47/60] train_mse=0.003888  val_mse=0.003821  time=1.8s *
[epoch 48/60] train_mse=0.003805  val_mse=0.004139  time=1.9s
[epoch 49/60] train_mse=0.003754  val_mse=0.003430  time=1.9s *
[epoch 50/60] train_mse=0.003786  val_mse=0.003653  time=1.8s
[epoch 51/60] train_mse=0.003582  val_mse=0.003838  time=1.9s
[epoch 52/60] train_mse=0.003673  val_mse=0.003114  time=1.8s *
[epoch 53/60] train_mse=0.003500  val_mse=0.003005  time=1.9s *
[epoch 54/60] train_mse=0.003259  val_mse=0.003147  time=2.1s
[epoch 55/60] train_mse=0.003379  val_mse=0.003113  time=2.1s
[epoch 56/60] train_mse=0.003370  val_mse=0.003099  time=2.0s
[epoch 57/60] train_mse=0.003119  val_mse=0.003549  time=1.8s
[epoch 58/60] train_mse=0.003179  val_mse=0.003186  time=1.8s
[epoch 59/60] train_mse=0.003202  val_mse=0.002892  time=1.8s *
[epoch 60/60] train_mse=0.003113  val_mse=0.003162  time=1.8s
[save] training_log.csv
[save] training_curve.png
[done] best val MSE: 0.002892, weights: D:\allen\Agents\26. tep causal rca\models\best_model.pt
